{
  "version": "1.5.0",
  "plugins_used": [
    {
      "name": "ArtifactoryDetector"
    },
    {
      "name": "AWSKeyDetector"
    },
    {
      "name": "AzureStorageKeyDetector"
    },
    {
      "name": "Base64HighEntropyString",
      "limit": 4.5
    },
    {
      "name": "BasicAuthDetector"
    },
    {
      "name": "CloudantDetector"
    },
    {
      "name": "DiscordBotTokenDetector"
    },
    {
      "name": "GitHubTokenDetector"
    },
    {
      "name": "GitLabTokenDetector"
    },
    {
      "name": "HexHighEntropyString",
      "limit": 3.0
    },
    {
      "name": "IbmCloudIamDetector"
    },
    {
      "name": "IbmCosHmacDetector"
    },
    {
      "name": "IPPublicDetector"
    },
    {
      "name": "JwtTokenDetector"
    },
    {
      "name": "KeywordDetector",
      "keyword_exclude": ""
    },
    {
      "name": "MailchimpDetector"
    },
    {
      "name": "NpmDetector"
    },
    {
      "name": "OpenAIDetector"
    },
    {
      "name": "PrivateKeyDetector"
    },
    {
      "name": "PypiTokenDetector"
    },
    {
      "name": "SendGridDetector"
    },
    {
      "name": "SlackDetector"
    },
    {
      "name": "SoftlayerDetector"
    },
    {
      "name": "SquareOAuthDetector"
    },
    {
      "name": "StripeDetector"
    },
    {
      "name": "TelegramBotTokenDetector"
    },
    {
      "name": "TwilioKeyDetector"
    }
  ],
  "filters_used": [
    {
      "path": "detect_secrets.filters.allowlist.is_line_allowlisted"
    },
    {
      "path": "detect_secrets.filters.common.is_ignored_due_to_verification_policies",
      "min_level": 2
    },
    {
      "path": "detect_secrets.filters.heuristic.is_indirect_reference"
    },
    {
      "path": "detect_secrets.filters.heuristic.is_likely_id_string"
    },
    {
      "path": "detect_secrets.filters.heuristic.is_lock_file"
    },
    {
      "path": "detect_secrets.filters.heuristic.is_not_alphanumeric_string"
    },
    {
      "path": "detect_secrets.filters.heuristic.is_potential_uuid"
    },
    {
      "path": "detect_secrets.filters.heuristic.is_prefixed_with_dollar_sign"
    },
    {
      "path": "detect_secrets.filters.heuristic.is_sequential_string"
    },
    {
      "path": "detect_secrets.filters.heuristic.is_swagger_file"
    },
    {
      "path": "detect_secrets.filters.heuristic.is_templated_secret"
    }
  ],
  "results": {
    "analysis/3d_acc_cnn.ipynb": [
      {
        "type": "Base64 High Entropy String",
        "filename": "analysis/3d_acc_cnn.ipynb",
        "hashed_secret": "c40a8d65ac0a9ca04b89d6b3b726bc8276e1555c",
        "is_verified": false,
        "line_number": 136
      },
      {
        "type": "Base64 High Entropy String",
        "filename": "analysis/3d_acc_cnn.ipynb",
        "hashed_secret": "af0a25db0c7835dee138e1b279f1de201000bee8",
        "is_verified": false,
        "line_number": 277
      },
      {
        "type": "Base64 High Entropy String",
        "filename": "analysis/3d_acc_cnn.ipynb",
        "hashed_secret": "76a560f6038ad1a1dc70013c032723864e1ff6d2",
        "is_verified": false,
        "line_number": 300
      },
      {
        "type": "Base64 High Entropy String",
        "filename": "analysis/3d_acc_cnn.ipynb",
        "hashed_secret": "8b5c7cd7edec4b3b8fba74e5b504da69d0093d7f",
        "is_verified": false,
        "line_number": 344
      },
      {
        "type": "Base64 High Entropy String",
        "filename": "analysis/3d_acc_cnn.ipynb",
        "hashed_secret": "03aed8c3311041787680af042078245d50a42a86",
        "is_verified": false,
        "line_number": 514
      }
    ],
    "analysis/detect_motion.ipynb": [
      {
        "type": "Base64 High Entropy String",
        "filename": "analysis/detect_motion.ipynb",
        "hashed_secret": "987c8da6a90cf8e36d2549f7d882ca03f0f593d0",
        "is_verified": false,
        "line_number": 93
      },
      {
        "type": "Base64 High Entropy String",
        "filename": "analysis/detect_motion.ipynb",
        "hashed_secret": "4e15d030178a2d8d8c0d5eaeb6eb55676db09bd2",
        "is_verified": false,
        "line_number": 118
      }
    ],
    "analysis/exploration.ipynb": [
      {
        "type": "Base64 High Entropy String",
        "filename": "analysis/exploration.ipynb",
        "hashed_secret": "0b60bf7bb6b790986fc84e924d5c9ea041a7653d",
        "is_verified": false,
        "line_number": 63
      },
      {
        "type": "Base64 High Entropy String",
        "filename": "analysis/exploration.ipynb",
        "hashed_secret": "02553b3f5b935b24758b75247f204bf5038d1e9b",
        "is_verified": false,
        "line_number": 91
      },
      {
        "type": "Base64 High Entropy String",
        "filename": "analysis/exploration.ipynb",
        "hashed_secret": "74c095391c8131a355451b00eea9630389882f5d",
        "is_verified": false,
        "line_number": 175
      },
      {
        "type": "Base64 High Entropy String",
        "filename": "analysis/exploration.ipynb",
        "hashed_secret": "4e0c04384089a0121aa34708e6d9744187b88540",
        "is_verified": false,
        "line_number": 201
      },
      {
        "type": "Base64 High Entropy String",
        "filename": "analysis/exploration.ipynb",
        "hashed_secret": "65cfdc2db49d52391de8b003fce73bfe5d658bb9",
        "is_verified": false,
        "line_number": 228
      },
      {
        "type": "Base64 High Entropy String",
        "filename": "analysis/exploration.ipynb",
        "hashed_secret": "f020a4cfb4db3bfb85a8f8e6c7e409e6d37acf1c",
        "is_verified": false,
        "line_number": 255
      },
      {
        "type": "Base64 High Entropy String",
        "filename": "analysis/exploration.ipynb",
        "hashed_secret": "04299852f9e189cdf8be32e5598fe940c282b0bc",
        "is_verified": false,
        "line_number": 361
      },
      {
        "type": "Base64 High Entropy String",
        "filename": "analysis/exploration.ipynb",
        "hashed_secret": "da05267f3fa33a8337b0b1c84486a5612fbd3d0d",
        "is_verified": false,
        "line_number": 401
      },
      {
        "type": "Base64 High Entropy String",
        "filename": "analysis/exploration.ipynb",
        "hashed_secret": "0eb826801604defa5a774cd7616ad9b8f544e361",
        "is_verified": false,
        "line_number": 441
      },
      {
        "type": "Base64 High Entropy String",
        "filename": "analysis/exploration.ipynb",
        "hashed_secret": "0c59697439c57871d7457b5bd4ba96d0eac5e2fc",
        "is_verified": false,
        "line_number": 474
      },
      {
        "type": "Base64 High Entropy String",
        "filename": "analysis/exploration.ipynb",
        "hashed_secret": "70827f60369e26b99ed57363c03593f1ec554df3",
        "is_verified": false,
        "line_number": 495
      },
      {
        "type": "Base64 High Entropy String",
        "filename": "analysis/exploration.ipynb",
        "hashed_secret": "e8a56b4bcdbe03018ba2bee1fc366a7d35d5fc8c",
        "is_verified": false,
        "line_number": 516
      },
      {
        "type": "Base64 High Entropy String",
        "filename": "analysis/exploration.ipynb",
        "hashed_secret": "1bb6eb0f788c0a5e03aee7f76300ccd1b78b1950",
        "is_verified": false,
        "line_number": 537
      }
    ],
    "analysis/global_acc_cnn.ipynb": [
      {
        "type": "Base64 High Entropy String",
        "filename": "analysis/global_acc_cnn.ipynb",
        "hashed_secret": "1e7a1c3da3badadd135dced02ac4013ad936c44a",
        "is_verified": false,
        "line_number": 157
      },
      {
        "type": "Base64 High Entropy String",
        "filename": "analysis/global_acc_cnn.ipynb",
        "hashed_secret": "5e200926df27c332a28b81e0917a5e5cd54f480c",
        "is_verified": false,
        "line_number": 266
      },
      {
        "type": "Base64 High Entropy String",
        "filename": "analysis/global_acc_cnn.ipynb",
        "hashed_secret": "e0f96ae6470003fc6aad6792b9fd05e83c995245",
        "is_verified": false,
        "line_number": 287
      },
      {
        "type": "Base64 High Entropy String",
        "filename": "analysis/global_acc_cnn.ipynb",
        "hashed_secret": "7c263c33af6d8658e3288c6c14e11821e3be4993",
        "is_verified": false,
        "line_number": 356
      },
      {
        "type": "Base64 High Entropy String",
        "filename": "analysis/global_acc_cnn.ipynb",
        "hashed_secret": "bc510450a0e5f5b9d85a67c87cb831a2a5a6ed60",
        "is_verified": false,
        "line_number": 454
      },
      {
        "type": "Base64 High Entropy String",
        "filename": "analysis/global_acc_cnn.ipynb",
        "hashed_secret": "f91dc8d054c57a4ef75ba858b6d35d3f434e35be",
        "is_verified": false,
        "line_number": 523
      },
      {
        "type": "Base64 High Entropy String",
        "filename": "analysis/global_acc_cnn.ipynb",
        "hashed_secret": "d773fcbc6da654cbf2f3764fe1acf3b9807ee207",
        "is_verified": false,
        "line_number": 617
      }
    ]
  },
  "generated_at": "2026-04-06T07:16:56Z"
}
